{"status":"success","message":"","result":{"id":"wc-1.00","name":"wc","parallelism":"SERIAL","version":"1.00","revision":1,"public":false,"helpURI":"http://www.gnu.org/s/coreutils/manual/html_node/wc-invocation.html","label":"wc condor","shortDescription":"Count words in a file","longDescription":"","tags":["textutils","gnu"],"ontolog":[""],"executionType":"CONDOR","executionHost":"condor.opensciencegrid.org","deploymentPath":"/testuser/applications/wc-1.00","templatePath":"/wrapper.sh","testPath":"/test.sh","checkpointable":true,"modules":["purge","load TACC"],"available":true,"inputs":[{"id":"query1","defaultValue":"read1.fq","value":{"validator":"","default":"read1.fq","visible":true,"required":false},"details":{"label":"File to count words in: ","description":"","visible":true},"semantics":{"minCardinality":1,"ontology":["http://sswapmeet.sswap.info/util/TextDocument"],"fileTypes":["text-0"]}}],"parameters":[],"outputs":[{"id":"outputWC","defaultValue":"wc_out.txt","value":{"validator":"","default":"wc_out.txt"},"details":{"label":"Text file","description":"Results of WC"},"semantics":{"minCardinality":1,"maxCardinality":1,"ontology":["http://sswapmeet.sswap.info/util/TextDocument"],"fileTypes":[""]}}]}}